EVA3_4_CURSORES

cursores (tabla temp.)

****************workbench***************************
CREATE DEFINER=`root`@`localhost` FUNCTION `contar_clientes_cursor`() 
RETURNS int(11)

BEGIN

declare conteo int;

declare customer_id text;

#variable booleana de control
   
declare fin_cursor int default false; 
#cuando lleguemos al final, será verdad 
 
#variable cursor(select)
   
declare cursor_clientes cursor for select customerid from customers;
 
#manejador (HANDLER) para la variable booleana de control -lanza una excepcion
   
declare continue handler for not found
   set fin_cursor = true;
  set conteo =0;
  
  
#usar cursor
  open cursor_clientes;
  
#usamos un ciclo para recorrerlo
  
ciclo_cursor : loop
  
#fetch seria equivalente al iterate
	
fetch cursor_clientes into customer_id;
    
#al llegar al final, se poroduce la excepcion
    
#not found, cambiamos a la variable true
    
if fin_cursor then
		
leave ciclo_cursor;
	
else
 
insert into temp_customer values(customer_id);
set conteo = conteo + 1;
	
end if;
  end loop;
  
  
close cursor_clientes;


RETURN conteo;

END

********************************** SHELL ************************************

MySQL Shell 8.0.12

Copyright (c) 2016, 2018, Oracle and/or its affiliates. All rights reserved.

Oracle is a registered trademark of Oracle Corporation and/or its
affiliates. Other names may be trademarks of their respective
owners.

Type '\help' or '\?' for help; '\quit' to exit.


 MySQL  JS > \sql
Switching to SQL mode... Commands end with ;

 MySQL  SQL > \connect -c root@localhost
The -c option is deprecated, please use --mysql or -mc instead
Creating a Classic session to 'root@localhost'
Please provide the password for 'root@localhost': ****
Save password for 'root@localhost:3306'? [Y]es/[N]o/Ne[v]er (default No): y
Fetching schema names for autocompletion... Press ^C to stop.
Your MySQL connection id is 113
Server version: 8.0.12 MySQL Community Server - GPL
No default schema selected; type \use <schema> to set one.

 MySQL  localhost:3306 ssl  SQL > \use northwind
Default schema set to `northwind`.
Fetching table and column names from `northwind` for auto-completion... Press ^C to stop.

 MySQL  localhost:3306 ssl  northwind  SQL > contar_clientes_cursor();
ERROR: 1064 (42000): You have an error in your SQL syntax; check the manual that corresponds to your MySQL server version for the right syntax to use near 'contar_clientes_cursor()' at line 1

 MySQL  localhost:3306 ssl  northwind  SQL > contar_clientes_cursor();
ERROR: 1064 (42000): You have an error in your SQL syntax; check the manual that corresponds to your MySQL server version for the right syntax to use near 'contar_clientes_cursor()' at line 1

 MySQL  localhost:3306 ssl  northwind  SQL > select contar_clientes_cursor();
+--------------------------+
| contar_clientes_cursor() |
+--------------------------+
|                       93 |
+--------------------------+
1 row in set (0.1478 sec)

 MySQL  localhost:3306 ssl  northwind  SQL > create table temp_customer(id varchar(5));
Query OK, 0 rows affected (2.3589 sec)

 MySQL  localhost:3306 ssl  northwind  SQL > desc temp_customer;
+-------+------------+------+-----+---------+-------+
| Field | Type       | Null | Key | Default | Extra |
+-------+------------+------+-----+---------+-------+
| id    | varchar(5) | YES  |     | NULL    |       |
+-------+------------+------+-----+---------+-------+
1 row in set (0.1011 sec)

 MySQL  localhost:3306 ssl  northwind  SQL > select contar_clientes_cursor();
+--------------------------+
| contar_clientes_cursor() |
+--------------------------+
|                       93 |
+--------------------------+
1 row in set (0.4447 sec)

 MySQL  localhost:3306 ssl  northwind  SQL > select * from temp_customer;
+-------+
| id    |
+-------+
| HUNGO |
| Val2  |
| VALON |
| WOLZA |
| QUICK |
| QUEDE |
| RICAR |
| MORGK |
| GOURL |
| ANATR |
| CENTC |
| ANTON |
| PERIC |
| TORTU |
| COMMI |
| FAMIA |
| HANAR |
| QUEEN |
| TRADH |
| GALED |
| WELLI |
| CACTU |
| OCEAN |
| RANCH |
| FRANS |
| GROSR |
| RICSU |
| ALFKI |
| BONAP |
| KOENE |
| FURIB |
| SIMOB |
| PRINI |
| WILMK |
| MAGAA |
| ROMEY |
| BOLID |
| FISSA |
| CHOPS |
| LAMAI |
| LILAS |
| SANTG |
| GODOS |
| REGGC |
| DUMON |
| FRANR |
| TOMSP |
| LINOD |
| PICCO |
| HILAA |
| OTTIK |
| VINET |
| DRACD |
| FOLIG |
| THECR |
| LEHMS |
| BLONP |
| BLAUS |
| VICTE |
| WANDK |
| PARIS |
| SPECD |
| LACOR |
| ERNSH |
| FRANK |
| VAFFE |
| SPLIR |
| SAVEA |
| RATTC |
| WARTH |
| LETSS |
| THEBI |
| LONEP |
| GREAL |
| HUNGC |
| TRAIH |
| WHITC |
| LAZYK |
| OLDWO |
| MAISD |
| SUPRD |
| BSBEV |
| MEREP |
| SEVES |
| ISLAT |
| FOLKO |
| BERGS |
| NORTS |
| BOTTM |
| LAUGB |
| AROUT |
| CONSH |
| EASTC |
+-------+
93 rows in set (0.0040 sec)

 MySQL  localhost:3306 ssl  northwind  SQL >